{
    "Should run without failures": {
        "content": [
            [
                {
                    "fusion": [
                        
                    ],
                    "group": [
                        
                    ],
                    "id": "5HieFbNIsw59ul",
                    "logs": [
                        
                    ],
                    "workspace": "seqeralabs/showcase"
                },
                {
                    "fusion": [
                        
                    ],
                    "group": [
                        
                    ],
                    "id": "5ko1KRYm0seibn",
                    "logs": [
                        
                    ],
                    "workspace": "seqeralabs/showcase"
                },
                {
                    "fusion": [
                        
                    ],
                    "group": [
                        
                    ],
                    "id": "ULVYH4G9KM9sP",
                    "logs": [
                        
                    ],
                    "workspace": "seqeralabs/showcase"
                }
            ]
        ],
        "meta": {
            "nf-test": "0.9.2",
            "nextflow": "25.04.3"
        },
        "timestamp": "2025-06-11T08:37:26.139735391"
    }
}