{
    "-profile test": {
        "content": [
            4,
            {
                "SEQERA_RUNS_DUMP": {
                    "seqera-cli": "0.11.2 (build 2a4e8d5)"
                }
            },
            [
                "multiqc",
                "multiqc/multiqc_data",
                "multiqc/multiqc_data/multiqc.log",
                "multiqc/multiqc_data/multiqc_citations.txt",
                "multiqc/multiqc_data/multiqc_data.json",
                "multiqc/multiqc_data/multiqc_general_stats.txt",
                "multiqc/multiqc_data/multiqc_seqera_cli.txt",
                "multiqc/multiqc_data/multiqc_software_versions.txt",
                "multiqc/multiqc_data/multiqc_sources.txt",
                "multiqc/multiqc_data/seqera_cli_cost_plot.txt",
                "multiqc/multiqc_data/seqera_cli_cpu_time_plot.txt",
                "multiqc/multiqc_data/seqera_cli_process_statuses_plot.txt",
                "multiqc/multiqc_data/seqera_cli_wall_time_plot.txt",
                "multiqc/multiqc_plots",
                "multiqc/multiqc_plots/pdf",
                "multiqc/multiqc_plots/pdf/general_stats_table.pdf",
                "multiqc/multiqc_plots/pdf/seqera_cli_cost_plot.pdf",
                "multiqc/multiqc_plots/pdf/seqera_cli_cpu_time_plot.pdf",
                "multiqc/multiqc_plots/pdf/seqera_cli_process_statuses_plot-cnt.pdf",
                "multiqc/multiqc_plots/pdf/seqera_cli_process_statuses_plot-pct.pdf",
                "multiqc/multiqc_plots/pdf/seqera_cli_wall_time_plot.pdf",
                "multiqc/multiqc_plots/png",
                "multiqc/multiqc_plots/png/general_stats_table.png",
                "multiqc/multiqc_plots/png/seqera_cli_cost_plot.png",
                "multiqc/multiqc_plots/png/seqera_cli_cpu_time_plot.png",
                "multiqc/multiqc_plots/png/seqera_cli_process_statuses_plot-cnt.png",
                "multiqc/multiqc_plots/png/seqera_cli_process_statuses_plot-pct.png",
                "multiqc/multiqc_plots/png/seqera_cli_wall_time_plot.png",
                "multiqc/multiqc_plots/svg",
                "multiqc/multiqc_plots/svg/general_stats_table.svg",
                "multiqc/multiqc_plots/svg/seqera_cli_cost_plot.svg",
                "multiqc/multiqc_plots/svg/seqera_cli_cpu_time_plot.svg",
                "multiqc/multiqc_plots/svg/seqera_cli_process_statuses_plot-cnt.svg",
                "multiqc/multiqc_plots/svg/seqera_cli_process_statuses_plot-pct.svg",
                "multiqc/multiqc_plots/svg/seqera_cli_wall_time_plot.svg",
                "multiqc/multiqc_report.html",
                "nextflow-io_hello",
                "nextflow-io_hello/runs_dump",
                "nextflow-io_hello/runs_dump/5HieFbNIsw59ul",
                "nextflow-io_hello/runs_dump/5HieFbNIsw59ul/nextflow.log",
                "nextflow-io_hello/runs_dump/5HieFbNIsw59ul/service-info.json",
                "nextflow-io_hello/runs_dump/5HieFbNIsw59ul/tasks",
                "nextflow-io_hello/runs_dump/5HieFbNIsw59ul/tasks/1",
                "nextflow-io_hello/runs_dump/5HieFbNIsw59ul/tasks/1/.fusion.log",
                "nextflow-io_hello/runs_dump/5HieFbNIsw59ul/tasks/2",
                "nextflow-io_hello/runs_dump/5HieFbNIsw59ul/tasks/2/.fusion.log",
                "nextflow-io_hello/runs_dump/5HieFbNIsw59ul/tasks/3",
                "nextflow-io_hello/runs_dump/5HieFbNIsw59ul/tasks/3/.fusion.log",
                "nextflow-io_hello/runs_dump/5HieFbNIsw59ul/tasks/4",
                "nextflow-io_hello/runs_dump/5HieFbNIsw59ul/tasks/4/.fusion.log",
                "nextflow-io_hello/runs_dump/5HieFbNIsw59ul/workflow-launch.json",
                "nextflow-io_hello/runs_dump/5HieFbNIsw59ul/workflow-load.json",
                "nextflow-io_hello/runs_dump/5HieFbNIsw59ul/workflow-metadata.json",
                "nextflow-io_hello/runs_dump/5HieFbNIsw59ul/workflow-metrics.json",
                "nextflow-io_hello/runs_dump/5HieFbNIsw59ul/workflow-tasks.json",
                "nextflow-io_hello/runs_dump/5HieFbNIsw59ul/workflow.json",
                "nextflow-io_hello/runs_dump/5ko1KRYm0seibn",
                "nextflow-io_hello/runs_dump/5ko1KRYm0seibn/nextflow.log",
                "nextflow-io_hello/runs_dump/5ko1KRYm0seibn/service-info.json",
                "nextflow-io_hello/runs_dump/5ko1KRYm0seibn/tasks",
                "nextflow-io_hello/runs_dump/5ko1KRYm0seibn/tasks/1",
                "nextflow-io_hello/runs_dump/5ko1KRYm0seibn/tasks/1/.fusion.log",
                "nextflow-io_hello/runs_dump/5ko1KRYm0seibn/tasks/2",
                "nextflow-io_hello/runs_dump/5ko1KRYm0seibn/tasks/2/.fusion.log",
                "nextflow-io_hello/runs_dump/5ko1KRYm0seibn/tasks/3",
                "nextflow-io_hello/runs_dump/5ko1KRYm0seibn/tasks/3/.fusion.log",
                "nextflow-io_hello/runs_dump/5ko1KRYm0seibn/tasks/4",
                "nextflow-io_hello/runs_dump/5ko1KRYm0seibn/tasks/4/.fusion.log",
                "nextflow-io_hello/runs_dump/5ko1KRYm0seibn/workflow-launch.json",
                "nextflow-io_hello/runs_dump/5ko1KRYm0seibn/workflow-load.json",
                "nextflow-io_hello/runs_dump/5ko1KRYm0seibn/workflow-metadata.json",
                "nextflow-io_hello/runs_dump/5ko1KRYm0seibn/workflow-metrics.json",
                "nextflow-io_hello/runs_dump/5ko1KRYm0seibn/workflow-tasks.json",
                "nextflow-io_hello/runs_dump/5ko1KRYm0seibn/workflow.json",
                "nextflow-io_hello/runs_dump/ULVYH4G9KM9sP",
                "nextflow-io_hello/runs_dump/ULVYH4G9KM9sP/nextflow.log",
                "nextflow-io_hello/runs_dump/ULVYH4G9KM9sP/service-info.json",
                "nextflow-io_hello/runs_dump/ULVYH4G9KM9sP/tasks",
                "nextflow-io_hello/runs_dump/ULVYH4G9KM9sP/tasks/1",
                "nextflow-io_hello/runs_dump/ULVYH4G9KM9sP/tasks/1/.fusion.log",
                "nextflow-io_hello/runs_dump/ULVYH4G9KM9sP/tasks/2",
                "nextflow-io_hello/runs_dump/ULVYH4G9KM9sP/tasks/2/.fusion.log",
                "nextflow-io_hello/runs_dump/ULVYH4G9KM9sP/tasks/3",
                "nextflow-io_hello/runs_dump/ULVYH4G9KM9sP/tasks/3/.fusion.log",
                "nextflow-io_hello/runs_dump/ULVYH4G9KM9sP/tasks/4",
                "nextflow-io_hello/runs_dump/ULVYH4G9KM9sP/tasks/4/.fusion.log",
                "nextflow-io_hello/runs_dump/ULVYH4G9KM9sP/workflow-launch.json",
                "nextflow-io_hello/runs_dump/ULVYH4G9KM9sP/workflow-load.json",
                "nextflow-io_hello/runs_dump/ULVYH4G9KM9sP/workflow-metadata.json",
                "nextflow-io_hello/runs_dump/ULVYH4G9KM9sP/workflow-metrics.json",
                "nextflow-io_hello/runs_dump/ULVYH4G9KM9sP/workflow-tasks.json",
                "nextflow-io_hello/runs_dump/ULVYH4G9KM9sP/workflow.json",
                "pipeline_info",
                "pipeline_info/collated_software_mqc_versions.yml"
            ],
            [
                "multiqc_citations.txt:md5,4c806e63a283ec1b7e78cdae3a923d4f",
                "seqera_cli_cost_plot.txt:md5,82f247733ca1d0d31dd78851fbdadf18",
                "seqera_cli_cpu_time_plot.txt:md5,97b8afc5e39838c44f027393e00162db",
                "seqera_cli_process_statuses_plot.txt:md5,715e9a350d22c881b7a5b7df73c52ef2",
                "seqera_cli_wall_time_plot.txt:md5,d00c9623dbe36e810997ffd83ef2abb5",
                "nextflow.log:md5,38771cfa014d7e7e9c0ca1ee0b82e46e",
                ".fusion.log:md5,efe60f4a46ef03e9945c71959419e716",
                ".fusion.log:md5,c4f5c5c5b6f5bf53a95ff57c898d1c12",
                ".fusion.log:md5,e378f13b177e2bbc2586a462182112b1",
                ".fusion.log:md5,37cadbfaf6862600a67d6134d11b2233",
                "workflow-launch.json:md5,3e7b34abe37c7db24c799bf3edd7307e",
                "workflow-load.json:md5,0a0dd7d875c5ae4a6edbf438382c6611",
                "workflow-metadata.json:md5,5fc3e36d7eab54b4c3068d4b21431e97",
                "workflow-metrics.json:md5,4cca2b6bee4da27024f0b443028d0afc",
                "workflow-tasks.json:md5,5c3dd661d58af62bb6b4a106538107a1",
                "workflow.json:md5,b0c6a4e07c25515d6e01ec7e900aacfb",
                "nextflow.log:md5,ac7665e4237eece9a2a6a684837e3fb7",
                ".fusion.log:md5,12f3f602fea198ea2c09f1876ba2c188",
                ".fusion.log:md5,a83c7b82f47f9a8cc3d1cb93bd5538cc",
                ".fusion.log:md5,48aa42395bc6ee46209b7fb30ac23444",
                ".fusion.log:md5,2d399e9605edbbccfc7a7e3e0103c57c",
                "workflow-launch.json:md5,424e200ec9b847b2fd8d7a47af88f9bd",
                "workflow-load.json:md5,f507be382008f25f805549f7876a5fb6",
                "workflow-metadata.json:md5,f11ac5f666c035f860464d66eb824fba",
                "workflow-metrics.json:md5,787cea6ea170686bd8263bec9b20a162",
                "workflow-tasks.json:md5,4167ceb0c10d07d0a2de18382804d4c7",
                "workflow.json:md5,60442a9b20688c6210265221b32f9ef2",
                "nextflow.log:md5,343952dd8a653c9e7b741b2d5718dc1f",
                ".fusion.log:md5,748a7aa4de0725e179c4cb5c7c304b0b",
                ".fusion.log:md5,fa1b12f2c3a3224acd1185a10ebd659f",
                ".fusion.log:md5,037af09bb5413fbab67df727c397da9a",
                ".fusion.log:md5,0b3003c0eb6a087b32dc04dae71095ca",
                "workflow-launch.json:md5,6a231be5f73342da092eb58ee2d3a470",
                "workflow-load.json:md5,4786bb54b42fc99165816429ba3f1731",
                "workflow-metadata.json:md5,45e8db6d550e11629f347dcacd0f06c4",
                "workflow-metrics.json:md5,6e56e50d31b1377eb878cf2655741fe5",
                "workflow-tasks.json:md5,e2a3a9e5d424d9ce2849338e5d765ed9",
                "workflow.json:md5,da3a4810ab8ad315c2082ccaa33d6fba"
            ]
        ],
        "meta": {
            "nf-test": "0.9.2",
            "nextflow": "25.04.3"
        },
        "timestamp": "2025-06-11T08:39:56.996820987"
    },
    "-profile test_benchmark": {
        "content": [
            1,
            {
                "BENCHMARK_REPORT": {
                    "quarto-cli": "1.5.55",
                    "r": "4.4.2"
                }
            },
            [
                "benchmark_report",
                "benchmark_report/benchmark_report.html",
                "pipeline_info",
                "pipeline_info/collated_software_mqc_versions.yml"
            ],
            [
                
            ]
        ],
        "meta": {
            "nf-test": "0.9.2",
            "nextflow": "24.10.4"
        },
        "timestamp": "2025-05-01T21:01:28.073059"
    }
}