{
    "Should run without failures": {
        "content": [
            [
                "service-info.json:md5,0a2624c21efb65b85e37fa3d07903dcc",
                "workflow-load.json:md5,4f02d5a24ab89aa648cd4346785c8f2c",
                "workflow-metrics.json:md5,70dd1af37145c8c2d23836fe850622e7",
                "workflow-tasks.json:md5,577a7472816b7729012a9291d97ff150",
                "workflow.json:md5,34db0e39f0246670eac77c7a5e9093c9"
            ],
            null
        ],
        "timestamp": "2023-11-29T13:34:09.5038157"
    }
}